[08:30:00] 블로그 초안 생성 시작 (2026-06-09)

[08:30:00] [1/5] 뉴스 조회 중...
[08:30:01] 오늘 수집 기사: 0건
[08:30:01]   오늘 수집된 기사 없음, 종료
[08:30:02]   텔레그램 알림 전송 완료
[08:30:00] 블로그 초안 생성 시작 (2026-06-10)

[08:30:00] [1/5] 뉴스 조회 중...
[08:30:02] 오늘 수집 기사: 0건
[08:30:02]   오늘 수집된 기사 없음, 종료
[08:30:02]   텔레그램 알림 전송 완료
[08:30:00] 블로그 초안 생성 시작 (2026-06-11)

[08:30:00] [1/5] 뉴스 조회 중...
[08:30:01] 오늘 수집 기사: 0건
[08:30:01]   오늘 수집된 기사 없음, 종료
[08:30:02]   텔레그램 알림 전송 완료
[08:30:01] 블로그 초안 생성 시작 (2026-06-12)

[08:30:01] [1/5] 뉴스 조회 중...
[08:30:01] 오늘 수집 기사: 0건
[08:30:01]   오늘 수집된 기사 없음, 종료
[08:30:02]   텔레그램 알림 전송 완료
[08:30:03] 블로그 초안 생성 시작 (2026-06-13)

[08:30:03] [1/5] 뉴스 조회 중...
[08:30:04] 오늘 수집 기사: 0건
[08:30:04]   오늘 수집된 기사 없음, 종료
[08:30:05]   텔레그램 알림 전송 완료
[08:30:00] 블로그 초안 생성 시작 (2026-06-15)

[08:30:00] [1/5] 뉴스 조회 중...
[08:30:01] 오늘 수집 기사: 0건
[08:30:01]   오늘 수집된 기사 없음, 종료
[08:30:02]   텔레그램 알림 전송 완료
[08:30:00] 블로그 초안 생성 시작 (2026-06-16)

[08:30:00] [1/5] 뉴스 조회 중...
[08:30:01] 오늘 수집 기사: 0건
[08:30:01]   오늘 수집된 기사 없음, 종료
[08:30:02]   텔레그램 알림 전송 완료
[08:30:00] 블로그 초안 생성 시작 (2026-06-17)

[08:30:00] [1/5] 뉴스 조회 중...
[08:30:01] 오늘 수집 기사: 0건
[08:30:01]   오늘 수집된 기사 없음, 종료
[08:30:02]   텔레그램 알림 전송 완료
[08:30:02] 블로그 초안 생성 시작 (2026-06-18)

[08:30:02] [1/5] 뉴스 조회 중...
[08:30:03] 오늘 수집 기사: 0건
[08:30:03]   오늘 수집된 기사 없음, 종료
[08:30:06]   텔레그램 전송 실패: ('Connection aborted.', ConnectionResetError(54, 'Connection reset by peer'))
[08:30:03] 블로그 초안 생성 시작 (2026-06-19)

[08:30:03] [1/5] 뉴스 조회 중...
[08:30:04] 오늘 수집 기사: 0건
[08:30:04]   오늘 수집된 기사 없음, 종료
[08:30:05]   텔레그램 알림 전송 완료
[08:30:02] 블로그 초안 생성 시작 (2026-06-20)

[08:30:02] [1/5] 뉴스 조회 중...
[08:30:02] 오늘 수집 기사: 0건
[08:30:02]   오늘 수집된 기사 없음, 종료
[08:30:03]   텔레그램 알림 전송 완료
[08:30:02] 블로그 초안 생성 시작 (2026-06-21)

[08:30:02] [1/5] 뉴스 조회 중...
[08:30:04] 오늘 수집 기사: 0건
[08:30:04]   오늘 수집된 기사 없음, 종료
[08:30:05]   텔레그램 알림 전송 완료
[08:30:00] 블로그 초안 생성 시작 (2026-06-22)

[08:30:00] [1/5] 뉴스 조회 중...
[08:30:01] 오늘 수집 기사: 0건
[08:30:01]   오늘 수집된 기사 없음, 종료
[08:30:02]   텔레그램 알림 전송 완료
[08:30:05] 블로그 초안 생성 시작 (2026-06-23)

[08:30:05] [1/5] 뉴스 조회 중...
[08:30:06] 오늘 수집 기사: 0건
[08:30:06]   오늘 수집된 기사 없음, 종료
[08:30:06]   텔레그램 알림 전송 완료
[08:30:05] 블로그 초안 생성 시작 (2026-06-24)

[08:30:05] [1/5] 뉴스 조회 중...
[08:30:07] 오늘 수집 기사: 0건
[08:30:07]   오늘 수집된 기사 없음, 종료
[08:30:07]   텔레그램 알림 전송 완료
[08:30:00] 블로그 초안 생성 시작 (2026-06-25)

[08:30:00] [1/5] 뉴스 조회 중...
[08:30:01] 오늘 수집 기사: 0건
[08:30:01]   오늘 수집된 기사 없음, 종료
[08:30:01]   텔레그램 알림 전송 완료
[08:30:01] 블로그 초안 생성 시작 (2026-06-26)

[08:30:01] [1/5] 뉴스 조회 중...
[08:30:03] 오늘 수집 기사: 0건
[08:30:03]   오늘 수집된 기사 없음, 종료
[08:30:04]   텔레그램 알림 전송 완료
[08:30:02] 블로그 초안 생성 시작 (2026-06-27)

[08:30:02] [1/5] 뉴스 조회 중...
[08:30:03] 오늘 수집 기사: 0건
[08:30:03]   오늘 수집된 기사 없음, 종료
[08:30:04]   텔레그램 알림 전송 완료
