/Users/twinssn/.env.common: line 41: yTO5: command not found
/Users/twinssn/.env.common: line 41: yTO5: command not found
/Users/twinssn/.env.common: line 41: yTO5: command not found
/Users/twinssn/.env.common: line 41: yTO5: command not found
/Users/twinssn/.env.common: line 41: yTO5: command not found
/Users/twinssn/.env.common: line 41: yTO5: command not found
/Users/twinssn/.env.common: line 41: yTO5: command not found
/Users/twinssn/.env.common: line 41: yTO5: command not found
/Users/twinssn/.env.common: line 41: yTO5: command not found
Traceback (most recent call last):
  File "/Users/twinssn/Projects/aikorea24/scripts/keyword_updater.py", line 13, in <module>
    from pipeline.infra.logger import get_scrubbed_logger
ModuleNotFoundError: No module named 'pipeline'
Traceback (most recent call last):
  File "/Users/twinssn/Projects/aikorea24/scripts/keyword_updater.py", line 13, in <module>
    from pipeline.infra.logger import get_scrubbed_logger
ModuleNotFoundError: No module named 'pipeline'
Traceback (most recent call last):
  File "/Users/twinssn/Projects/aikorea24/scripts/keyword_updater.py", line 13, in <module>
    from pipeline.infra.logger import get_scrubbed_logger
ModuleNotFoundError: No module named 'pipeline'
Traceback (most recent call last):
  File "/Users/twinssn/Projects/aikorea24/scripts/keyword_updater.py", line 13, in <module>
    from pipeline.infra.logger import get_scrubbed_logger
ModuleNotFoundError: No module named 'pipeline'
